// Jest Snapshot v1, https://goo.gl/fbAQLP

exports[`<Card /> should mount properly 1`] = `
<Card>
  <style__Card>
    <StyledComponent
      forwardedComponent={
        Object {
          "$$typeof": Symbol(react.forward_ref),
          "attrs": Array [],
          "componentStyle": ComponentStyle {
            "componentId": "style__Card-sc-7a5vgg-0",
            "isStatic": false,
            "lastClassName": "hEuRRR",
            "rules": Array [
              "background-color:",
              "#145374",
              ";border-radius:15px;cursor:pointer;padding:20px;text-align:center;transition:background-color 0.3s ease,transform 0.3s ease;z-index:1;&:hover{background-color:",
              "#5588a3",
              ";transform:scale(1.05);z-index:2;}",
            ],
          },
          "displayName": "style__Card",
          "foldedComponentIds": Array [],
          "render": [Function],
          "styledComponentId": "style__Card-sc-7a5vgg-0",
          "target": "div",
          "toString": [Function],
          "warnTooManyClasses": [Function],
          "withComponent": [Function],
        }
      }
      forwardedRef={null}
    >
      <div
        className="style__Card-sc-7a5vgg-0 hEuRRR"
      >
        Card Component
      </div>
    </StyledComponent>
  </style__Card>
</Card>
`;
