// Jest Snapshot v1, https://goo.gl/fbAQLP

exports[`<Loading /> should mount properly 1`] = `
<Loading
  className="logo"
  height="auto"
  maxHeight="100px"
  maxWidth="100%"
  width="auto"
>
  <Image
    alt="Loading"
    className="logo"
    height="auto"
    maxHeight="100px"
    maxWidth="100%"
    src="test-file-stub"
    width="auto"
  >
    <style__Image
      alt="Loading"
      className="logo"
      height="auto"
      maxHeight="100px"
      maxWidth="100%"
      src="test-file-stub"
      width="auto"
    >
      <StyledComponent
        alt="Loading"
        className="logo"
        forwardedComponent={
          Object {
            "$$typeof": Symbol(react.forward_ref),
            "attrs": Array [],
            "componentStyle": ComponentStyle {
              "componentId": "style__Image-zsbil-0",
              "isStatic": false,
              "lastClassName": "nQWWf",
              "rules": Array [
                "height:",
                [Function],
                ";max-height:",
                [Function],
                ";max-width:",
                [Function],
                ";width:",
                [Function],
                ";",
              ],
            },
            "displayName": "style__Image",
            "foldedComponentIds": Array [],
            "render": [Function],
            "styledComponentId": "style__Image-zsbil-0",
            "target": "img",
            "toString": [Function],
            "warnTooManyClasses": [Function],
            "withComponent": [Function],
          }
        }
        forwardedRef={null}
        height="auto"
        maxHeight="100px"
        maxWidth="100%"
        src="test-file-stub"
        width="auto"
      >
        <img
          alt="Loading"
          className="style__Image-zsbil-0 nQWWf logo"
          height="auto"
          src="test-file-stub"
          width="auto"
        />
      </StyledComponent>
    </style__Image>
  </Image>
</Loading>
`;
